/home/drillox/_dev/yodegree-backend/src/main/java/com/yodegree/yodegree_backend/YodegreeBackendApplication.java
/home/drillox/_dev/yodegree-backend/src/main/java/com/yodegree/yodegree_backend/controllers/ChatController.java
/home/drillox/_dev/yodegree-backend/src/main/java/com/yodegree/yodegree_backend/controllers/GuardianController.java
/home/drillox/_dev/yodegree-backend/src/main/java/com/yodegree/yodegree_backend/controllers/UserController.java
/home/drillox/_dev/yodegree-backend/src/main/java/com/yodegree/yodegree_backend/exceptions/InvalidCredentialsException.java
/home/drillox/_dev/yodegree-backend/src/main/java/com/yodegree/yodegree_backend/exceptions/ResourceNotFoundException.java
/home/drillox/_dev/yodegree-backend/src/main/java/com/yodegree/yodegree_backend/exceptions/UnauthorizedException.java
/home/drillox/_dev/yodegree-backend/src/main/java/com/yodegree/yodegree_backend/helpers/ChatRequest.java
/home/drillox/_dev/yodegree-backend/src/main/java/com/yodegree/yodegree_backend/helpers/ChatSessionRequest.java
/home/drillox/_dev/yodegree-backend/src/main/java/com/yodegree/yodegree_backend/helpers/LoginRequest.java
/home/drillox/_dev/yodegree-backend/src/main/java/com/yodegree/yodegree_backend/helpers/LoginRequestHelper.java
/home/drillox/_dev/yodegree-backend/src/main/java/com/yodegree/yodegree_backend/helpers/SaveRecordReq.java
/home/drillox/_dev/yodegree-backend/src/main/java/com/yodegree/yodegree_backend/helpers/SignUpRequest.java
/home/drillox/_dev/yodegree-backend/src/main/java/com/yodegree/yodegree_backend/helpers/UpdateGuardianRequest.java
/home/drillox/_dev/yodegree-backend/src/main/java/com/yodegree/yodegree_backend/modules/AnalysisRecord.java
/home/drillox/_dev/yodegree-backend/src/main/java/com/yodegree/yodegree_backend/modules/AnalysisRecordRepository.java
/home/drillox/_dev/yodegree-backend/src/main/java/com/yodegree/yodegree_backend/modules/Chat.java
/home/drillox/_dev/yodegree-backend/src/main/java/com/yodegree/yodegree_backend/modules/ChatRepository.java
/home/drillox/_dev/yodegree-backend/src/main/java/com/yodegree/yodegree_backend/modules/ChatSession.java
/home/drillox/_dev/yodegree-backend/src/main/java/com/yodegree/yodegree_backend/modules/ChatSessionRepository.java
/home/drillox/_dev/yodegree-backend/src/main/java/com/yodegree/yodegree_backend/modules/GuardianUser.java
/home/drillox/_dev/yodegree-backend/src/main/java/com/yodegree/yodegree_backend/modules/GuardianUserRepository.java
/home/drillox/_dev/yodegree-backend/src/main/java/com/yodegree/yodegree_backend/modules/User.java
/home/drillox/_dev/yodegree-backend/src/main/java/com/yodegree/yodegree_backend/modules/UserRepository.java
/home/drillox/_dev/yodegree-backend/src/main/java/com/yodegree/yodegree_backend/services/ChatService.java
/home/drillox/_dev/yodegree-backend/src/main/java/com/yodegree/yodegree_backend/services/GuardianAuthService.java
/home/drillox/_dev/yodegree-backend/src/main/java/com/yodegree/yodegree_backend/services/RecordsService.java
/home/drillox/_dev/yodegree-backend/src/main/java/com/yodegree/yodegree_backend/services/UserService.java
